// Jest Snapshot v1, https://goo.gl/fbAQLP

exports[`SearchForm component renders correctly 1`] = `
<DocumentFragment>
  <div
    class="search-form"
  >
    <input
      class="search-form__input"
      placeholder="City"
    />
    <button
      class="search-form__button"
      type="button"
    >
      Search
    </button>
  </div>
</DocumentFragment>
`;
